../Core/Src/kommunikation/interface_receive_handler.c:34:25:createInterfaceReceiveHandler	56	static
../Core/Src/kommunikation/interface_receive_handler.c:56:6:handleFreqChange	24	static
../Core/Src/kommunikation/interface_receive_handler.c:72:6:calculate_Periode	32	static
../Core/Src/kommunikation/interface_receive_handler.c:95:6:handleFreq	24	static
../Core/Src/kommunikation/interface_receive_handler.c:99:6:handleCurve	24	static
../Core/Src/kommunikation/interface_receive_handler.c:103:6:handleSN	24	static
../Core/Src/kommunikation/interface_receive_handler.c:107:6:handleType	24	static
../Core/Src/kommunikation/interface_receive_handler.c:111:6:handleSetCurve	72	static
../Core/Src/kommunikation/interface_receive_handler.c:151:6:handleCalReset	4	static
../Core/Src/kommunikation/interface_receive_handler.c:155:6:handleAddCalValue	16	static
../Core/Src/kommunikation/interface_receive_handler.c:158:6:handleCalEnd	4	static
../Core/Src/kommunikation/interface_receive_handler.c:162:6:processInterfaceMessage	24	static
